// Jest Snapshot v1, https://goo.gl/fbAQLP

exports[`The MobileNotificationsContent stack matches the snapshot 1`] = `
{
  "AWSTemplateFormatVersion": "2010-09-09",
  "Description": "lambda to replace the content-notifications-service",
  "Metadata": {
    "gu:cdk:constructs": [],
    "gu:cdk:version": "TEST",
  },
  "Parameters": {
    "App": {
      "Default": "mobile-notifications-content",
      "Description": "Application name",
      "Type": "String",
    },
    "BuildId": {
      "Default": "dev",
      "Description": "Tag to be used for the image URL, e.g. riff raff build id",
      "Type": "String",
    },
    "ConfigurationBucket": {
      "Default": "mobile-notifications-dist",
      "Description": "S3 Bucket containing app configuration",
      "Type": "String",
    },
    "CrossAccountBaseRoleName": {
      "Default": "mobile-content-notifications-lambda-cross-account",
      "Description": "Base constituent name of the mobile account roles to assume",
      "Type": "String",
    },
    "DeployBucket": {
      "Default": "content-api-dist",
      "Description": "S3 Bucket where RiffRaff uploads artifacts on deploy",
      "Type": "String",
    },
    "KinesisStreamName": {
      "Default": "content-api-firehose-v2",
      "Description": "Capi kinesis stream",
      "Type": "String",
    },
    "MobileAccountId": {
      "Default": 201359054765,
      "Description": "Account ID of the gu moble account which",
      "Type": "String",
    },
    "SharedResourcesStack": {
      "Default": "mobile-notifications-shared-resources",
      "Description": "Mobile notification content shared resources, e.g ecr repositories",
      "Type": "String",
    },
    "Stack": {
      "Default": "content-api-mobile-notifications",
      "Description": "Stack name",
      "Type": "String",
    },
    "Stage": {
      "AllowedValues": [
        "CODE",
        "PROD",
      ],
      "Default": "CODE",
      "Description": "Stage name",
      "Type": "String",
    },
  },
  "Resources": {
    "ContentLambda9E34CFB0": {
      "DependsOn": [
        "ExecutionRoleDefaultPolicyA5B92313",
        "ExecutionRole605A040B",
      ],
      "Properties": {
        "Code": {
          "ImageUri": {
            "Fn::Join": [
              "",
              [
                {
                  "Fn::Select": [
                    4,
                    {
                      "Fn::Split": [
                        ":",
                        {
                          "Fn::ImportValue": "mobile-notifications-shared-resources-ContentLambdaContainerRepositoryArn",
                        },
                      ],
                    },
                  ],
                },
                ".dkr.ecr.",
                {
                  "Fn::Select": [
                    3,
                    {
                      "Fn::Split": [
                        ":",
                        {
                          "Fn::ImportValue": "mobile-notifications-shared-resources-ContentLambdaContainerRepositoryArn",
                        },
                      ],
                    },
                  ],
                },
                ".",
                {
                  "Ref": "AWS::URLSuffix",
                },
                "/",
                {
                  "Fn::ImportValue": "mobile-notifications-shared-resources-ContentLambdaContainerRepositoryUri",
                },
                ":",
                {
                  "Ref": "BuildId",
                },
              ],
            ],
          },
        },
        "Description": "Lambda to send notification when new content is published",
        "Environment": {
          "Variables": {
            "App": "mobile-notifications-content",
            "CrossAccountSsmReadingRole": "arn:aws:iam::201359054765:role/mobile-content-notifications-lambda-cross-account-ssm-TEST",
            "Stack": "content-api-mobile-notifications",
            "Stage": "TEST",
          },
        },
        "FunctionName": "mobile-notifications-content-TEST-v2",
        "MemorySize": 4096,
        "PackageType": "Image",
        "Role": {
          "Fn::GetAtt": [
            "ExecutionRole605A040B",
            "Arn",
          ],
        },
        "Tags": [
          {
            "Key": "gu:cdk:version",
            "Value": "TEST",
          },
          {
            "Key": "gu:repo",
            "Value": "guardian/mobile-notifications-content",
          },
          {
            "Key": "Stack",
            "Value": "content-api-mobile-notifications",
          },
          {
            "Key": "Stage",
            "Value": "TEST",
          },
        ],
        "Timeout": 60,
      },
      "Type": "AWS::Lambda::Function",
    },
    "ContentLambdaContentLambdaEventMappingA9509320": {
      "Properties": {
        "BisectBatchOnFunctionError": true,
        "Enabled": true,
        "EventSourceArn": "arn:aws:kinesis:eu-west-1:308506855511:stream/content-api-firehose-v2-TEST",
        "FunctionName": {
          "Ref": "ContentLambda9E34CFB0",
        },
        "StartingPosition": "LATEST",
      },
      "Type": "AWS::Lambda::EventSourceMapping",
    },
    "ExecutionRole": {
      "Properties": {
        "AssumeRolePolicyDocument": {
          "Statement": [
            {
              "Action": "sts:AssumeRole",
              "Effect": "Allow",
              "Principal": {
                "Service": [
                  "lambda.amazonaws.com",
                ],
              },
            },
          ],
        },
        "Path": "/",
        "Policies": [
          {
            "PolicyDocument": {
              "Statement": {
                "Action": "sts:AssumeRole",
                "Effect": "Allow",
                "Resource": {
                  "Fn::Sub": "arn:aws:iam::\${MobileAccountId}:role/\${CrossAccountBaseRoleName}-ssm-\${Stage}",
                },
              },
            },
            "PolicyName": "assume-mobile-ssm-read-config-role",
          },
          {
            "PolicyDocument": {
              "Statement": {
                "Action": "sts:AssumeRole",
                "Effect": "Allow",
                "Resource": {
                  "Fn::Sub": "arn:aws:iam::\${MobileAccountId}:role/\${CrossAccountBaseRoleName}-dynamo-\${Stage}",
                },
              },
            },
            "PolicyName": "assume-mobile-dynamo-role",
          },
          {
            "PolicyDocument": {
              "Statement": {
                "Action": [
                  "logs:CreateLogGroup",
                  "logs:CreateLogStream",
                  "logs:PutLogEvents",
                ],
                "Effect": "Allow",
                "Resource": "*",
              },
            },
            "PolicyName": "logs",
          },
          {
            "PolicyDocument": {
              "Statement": {
                "Action": [
                  "lambda:InvokeFunction",
                ],
                "Effect": "Allow",
                "Resource": "*",
              },
            },
            "PolicyName": "invoke-lambda",
          },
          {
            "PolicyDocument": {
              "Statement": {
                "Action": [
                  "iam:PassRole",
                  "iam:GenerateCredentialReport",
                  "iam:Get*",
                  "iam:List*",
                ],
                "Effect": "Allow",
                "Resource": "*",
              },
            },
            "PolicyName": "iam-read-and-assume",
          },
          {
            "PolicyDocument": {
              "Statement": {
                "Action": [
                  "Kinesis:DescribeStream",
                  "Kinesis:GetRecords",
                  "Kinesis:GetShardIterator",
                  "Kinesis:ListStream",
                ],
                "Effect": "Allow",
                "Resource": "*",
              },
            },
            "PolicyName": "kinesis-read",
          },
          {
            "PolicyDocument": {
              "Statement": {
                "Action": [
                  "cloudwatch:PutMetricData",
                ],
                "Effect": "Allow",
                "Resource": "*",
              },
            },
            "PolicyName": "cloudwatch-put-metric-daata",
          },
        ],
        "Tags": [
          {
            "Key": "gu:cdk:version",
            "Value": "TEST",
          },
          {
            "Key": "gu:repo",
            "Value": "guardian/mobile-notifications-content",
          },
          {
            "Key": "Stack",
            "Value": "content-api-mobile-notifications",
          },
          {
            "Key": "Stage",
            "Value": "TEST",
          },
        ],
      },
      "Type": "AWS::IAM::Role",
    },
    "ExecutionRole605A040B": {
      "Properties": {
        "AssumeRolePolicyDocument": {
          "Statement": [
            {
              "Action": "sts:AssumeRole",
              "Effect": "Allow",
              "Principal": {
                "Service": "lambda.amazonaws.com",
              },
            },
          ],
          "Version": "2012-10-17",
        },
        "Path": "/",
        "Tags": [
          {
            "Key": "gu:cdk:version",
            "Value": "TEST",
          },
          {
            "Key": "gu:repo",
            "Value": "guardian/mobile-notifications-content",
          },
          {
            "Key": "Stack",
            "Value": "content-api-mobile-notifications",
          },
          {
            "Key": "Stage",
            "Value": "TEST",
          },
        ],
      },
      "Type": "AWS::IAM::Role",
    },
    "ExecutionRoleDefaultPolicyA5B92313": {
      "Properties": {
        "PolicyDocument": {
          "Statement": [
            {
              "Action": "sts:AssumeRole",
              "Effect": "Allow",
              "Resource": "arn:aws:iam::201359054765:role/mobile-content-notifications-lambda-cross-account-ssm-TEST",
            },
            {
              "Action": "sts:AssumeRole",
              "Effect": "Allow",
              "Resource": "arn:aws:iam::201359054765:role/mobile-content-notifications-lambda-cross-account-dynamo-TEST",
            },
            {
              "Action": [
                "logs:CreateLogGroup",
                "logs:CreateLogStream",
                "logs:PutLogEvents",
              ],
              "Effect": "Allow",
              "Resource": "*",
            },
            {
              "Action": "lambda:InvokeFunction",
              "Effect": "Allow",
              "Resource": "*",
            },
            {
              "Action": [
                "iam:PassRole",
                "iam:GenerateCredentialReport",
                "iam:Get*",
                "iam:List*",
              ],
              "Effect": "Allow",
              "Resource": "*",
            },
            {
              "Action": [
                "Kinesis:DescribeStream",
                "Kinesis:GetRecords",
                "Kinesis:GetShardIterator",
                "Kinesis:ListStream",
              ],
              "Effect": "Allow",
              "Resource": "*",
            },
            {
              "Action": "cloudwatch:PutMetricData",
              "Effect": "Allow",
              "Resource": "*",
            },
          ],
          "Version": "2012-10-17",
        },
        "PolicyName": "ExecutionRoleDefaultPolicyA5B92313",
        "Roles": [
          {
            "Ref": "ExecutionRole605A040B",
          },
        ],
      },
      "Type": "AWS::IAM::Policy",
    },
    "LiveblogsLambda60F8E597": {
      "DependsOn": [
        "ExecutionRoleDefaultPolicyA5B92313",
        "ExecutionRole605A040B",
      ],
      "Properties": {
        "Code": {
          "ImageUri": {
            "Fn::Join": [
              "",
              [
                {
                  "Fn::Select": [
                    4,
                    {
                      "Fn::Split": [
                        ":",
                        {
                          "Fn::ImportValue": "mobile-notifications-shared-resources-LiveblogsLambdaContainerRepositoryArn",
                        },
                      ],
                    },
                  ],
                },
                ".dkr.ecr.",
                {
                  "Fn::Select": [
                    3,
                    {
                      "Fn::Split": [
                        ":",
                        {
                          "Fn::ImportValue": "mobile-notifications-shared-resources-LiveblogsLambdaContainerRepositoryArn",
                        },
                      ],
                    },
                  ],
                },
                ".",
                {
                  "Ref": "AWS::URLSuffix",
                },
                "/",
                {
                  "Fn::ImportValue": "mobile-notifications-shared-resources-LiveblogsLambdaContainerRepositoryUri",
                },
                ":",
                {
                  "Ref": "BuildId",
                },
              ],
            ],
          },
        },
        "Description": "Lambda that sends push notifications when new key events are published on a liveblo",
        "Environment": {
          "Variables": {
            "App": "mobile-notifications-content",
            "CrossAccountSsmReadingRole": "arn:aws:iam::201359054765:role/mobile-content-notifications-lambda-cross-account-ssm-TEST",
            "Stack": "content-api-mobile-notifications",
            "Stage": "TEST",
          },
        },
        "FunctionName": "mobile-notifications-content-liveblogs-TEST-v2",
        "MemorySize": 4096,
        "PackageType": "Image",
        "Role": {
          "Fn::GetAtt": [
            "ExecutionRole605A040B",
            "Arn",
          ],
        },
        "Tags": [
          {
            "Key": "gu:cdk:version",
            "Value": "TEST",
          },
          {
            "Key": "gu:repo",
            "Value": "guardian/mobile-notifications-content",
          },
          {
            "Key": "Stack",
            "Value": "content-api-mobile-notifications",
          },
          {
            "Key": "Stage",
            "Value": "TEST",
          },
        ],
        "Timeout": 60,
      },
      "Type": "AWS::Lambda::Function",
    },
    "LiveblogsLambdaLiveBlogsLambdaEventMapping6AF5A96F": {
      "Properties": {
        "BisectBatchOnFunctionError": true,
        "Enabled": true,
        "EventSourceArn": "arn:aws:kinesis:eu-west-1:308506855511:stream/content-api-firehose-v2-TEST",
        "FunctionName": {
          "Ref": "LiveblogsLambda60F8E597",
        },
        "StartingPosition": "LATEST",
      },
      "Type": "AWS::Lambda::EventSourceMapping",
    },
    "SenderErrorAlarm998AF4AD": {
      "Properties": {
        "AlarmActions": [
          "arn:aws:sns:eu-west-1:201359054765:mobile-server-side",
        ],
        "AlarmDescription": {
          "Fn::Join": [
            "",
            [
              "High error percentage from ",
              {
                "Ref": "LiveblogsLambda60F8E597",
              },
              " lambda in TEST",
            ],
          ],
        },
        "ComparisonOperator": "GreaterThanThreshold",
        "EvaluationPeriods": 1,
        "Metrics": [
          {
            "Expression": "100*m1/m2",
            "Id": "expr_1",
            "Label": {
              "Fn::Join": [
                "",
                [
                  "Error % of ",
                  {
                    "Ref": "LiveblogsLambda60F8E597",
                  },
                ],
              ],
            },
          },
          {
            "Id": "m1",
            "MetricStat": {
              "Metric": {
                "Dimensions": [
                  {
                    "Name": "FunctionName",
                    "Value": {
                      "Ref": "LiveblogsLambda60F8E597",
                    },
                  },
                ],
                "MetricName": "Errors",
                "Namespace": "AWS/Lambda",
              },
              "Period": 600,
              "Stat": "Sum",
            },
            "ReturnData": false,
          },
          {
            "Id": "m2",
            "MetricStat": {
              "Metric": {
                "Dimensions": [
                  {
                    "Name": "FunctionName",
                    "Value": {
                      "Ref": "LiveblogsLambda60F8E597",
                    },
                  },
                ],
                "MetricName": "Invocations",
                "Namespace": "AWS/Lambda",
              },
              "Period": 600,
              "Stat": "Sum",
            },
            "ReturnData": false,
          },
        ],
        "OKActions": [
          "arn:aws:sns:eu-west-1:201359054765:mobile-server-side",
        ],
        "Threshold": 0,
        "TreatMissingData": "notBreaching",
      },
      "Type": "AWS::CloudWatch::Alarm",
    },
  },
}
`;
